nave 32000 em combate
nave 123 em combate
nave 2368745 em combate
nave 33222 em combate
9845
