nave 32000 em combate
nave 123 em combate
2368745
33222
9845
nave 123 avariada
123
nave 123 consertada
123
2368745
33222
9845
