nave 8412 em combate
3256
5874
nave 3256 em combate
nave 3256 avariada
nave 8412 avariada
3256
8412
nave 3256 consertada
3256
5874
nave 3256 em combate
