10
9
8
7
6
5
4
3
2
1
nave 10 em combate
nave 9 em combate
nave 8 em combate
nave 7 em combate
nave 6 em combate
nave 5 em combate
nave 4 em combate
nave 3 em combate
nave 2 em combate
nave 1 em combate
nave 10 avariada
nave 9 avariada
nave 8 avariada
nave 7 avariada
nave 6 avariada
nave 5 avariada
nave 4 avariada
nave 3 avariada
nave 2 avariada
nave 1 avariada
10
9
8
7
6
5
4
3
2
1
nave 10 consertada
nave 9 consertada
nave 8 consertada
nave 7 consertada
nave 6 consertada
nave 5 consertada
nave 4 consertada
nave 3 consertada
nave 2 consertada
nave 1 consertada
1
2
3
4
5
6
7
8
9
10
