nave 452 em combate
nave 692 em combate
nave 680 em combate
nave 242 em combate
nave 138 em combate
nave 745 em combate
nave 344 em combate
nave 757 em combate
nave 124 em combate
nave 389 em combate
547
501
701
532
268
287
240
626
824
826
183
488
102
636
458
547
501
701
532
268
287
240
626
824
826
183
488
102
636
458
nave 242 avariada
nave 452 avariada
nave 242 consertada
nave 452 consertada
452
242
547
501
701
532
268
287
240
626
824
826
183
488
102
636
458
nave 452 em combate
242
547
501
701
532
268
287
240
626
824
826
183
488
102
636
458
nave 124 avariada
124
nave 344 avariada
124
344
nave 757 avariada
124
344
757
nave 124 consertada
344
757
nave 344 consertada
757
344
124
242
547
501
701
532
268
287
240
626
824
826
183
488
102
636
458
